warning: unused imports: `Cursor` and `Read`
   --> src/commands/data.rs:315:23
    |
315 |         use std::io::{Cursor, Read};
    |                       ^^^^^^  ^^^^
    |
    = note: `#[warn(unused_imports)]` (part of `#[warn(unused)]`) on by default

warning: `clings` (bin "clings" test) generated 1 warning (run `cargo fix --bin "clings" -p clings --tests` to apply 1 suggestion)
    Finished `test` profile [unoptimized + debuginfo] target(s) in 0.11s
     Running unittests src/lib.rs (target/debug/deps/clings-eeec0a4ccd3766c0)

running 273 tests
test authoring::tests::test_generate_skeleton_invalid_difficulty ... ok
test authoring::tests::test_generate_skeleton_test_mode ... ok
test authoring::tests::test_generate_skeleton_output_mode ... ok
test chapters::tests::test_chapters_not_empty ... ok
test chapters::tests::test_all_chapters_have_subjects ... ok
test chapters::tests::test_flatten_chapters_preserves_order ... ok
test authoring::tests::test_validate_exercise_valid_json ... ok
test authoring::tests::test_validate_exercise_missing_fields ... ok
test chapters::tests::test_order_by_chapters_empty_input ... ok
test chapters::tests::test_order_by_chapters_unknown_subject_goes_last ... ok
test chapters::tests::test_order_by_chapters_difficulty_ascending_within_chapter ... ok
test chapters::tests::test_order_by_chapters_respects_chapter_order ... ok
test commands::data::tests::test_cmd_config_invalid_key_format ... ok
test commands::data::tests::test_cmd_config_unknown_key ... ok
test commands::data::tests::test_cmd_config_multiple_dots_in_value ... ok
test commands::data::tests::test_cmd_config_valid_ui_editor ... ok
test commands::data::tests::test_cmd_config_valid_srs_interval ... ok
test commands::data::tests::test_cmd_config_valid_key ... ok
test commands::data::tests::test_cmd_config_valid_tmux_enabled ... ok
test commands::data::tests::test_cmd_reset_cancellation ... ok
test commands::progress_cmds::tests::test_cmd_stats_function_exists ... ok
test commands::progress_cmds::tests::test_progress_cmds_signatures_valid ... ok
test commands::progress_cmds::tests::test_cmd_progress_function_exists ... ok
test config::tests::test_cling_config_default_all_sections ... ok
test commands::progress_cmds::tests::test_cmd_progress_signature ... ok
test commands::progress_cmds::tests::test_cmd_stats_signature ... ok
test config::tests::test_set_value_boolean_false ... ok
test config::tests::test_set_value_boolean_true ... ok
test config::tests::test_set_value_creates_file ... ok
test commands::data::tests::test_cmd_import_valid_json_no_subjects ... ok
test config::tests::test_set_value_creates_parent_dir ... ok
test commands::data::tests::test_cmd_export_nonexistent_db ... ok
test commands::data::tests::test_cmd_import_empty_file ... ok
test commands::data::tests::test_cmd_import_malformed_json ... ok
test commands::data::tests::test_cmd_import_overwrite_mode ... ok
test config::tests::test_set_value_multiple_sections_succeeds ... ok
test config::tests::test_set_value_empty_string_section ... ok
test config::tests::test_set_value_float_parsing ... ok
test config::tests::test_set_value_integer_parsing ... ok
test config::tests::test_set_value_empty_string_key ... ok
test config::tests::test_set_value_negative_integer_succeeds ... ok
test config::tests::test_set_value_numeric_out_of_u8_range_for_pane_width ... ok
test config::tests::test_set_value_srs_base_interval ... ok
test config::tests::test_set_value_srs_decay_days ... ok
test commands::data::tests::test_cmd_export_stdout ... ok
test config::tests::test_set_value_preserves_existing_keys ... ok
test config::tests::test_set_value_string_with_spaces ... ok
test config::tests::test_set_value_sync_branch ... ok
test config::tests::test_set_value_sync_enabled ... ok
test config::tests::test_set_value_sync_hostname ... ok
test config::tests::test_set_value_ui_pane_width ... ok
test config::tests::test_set_value_tmux_enabled ... ok
test config::tests::test_set_value_ui_editor ... ok
test config::tests::test_set_value_sync_remote ... ok
test config::tests::test_set_value_unknown_key_in_known_section ... ok
test config::tests::test_set_value_unknown_section ... ok
test config::tests::test_srs_config_default_decay_days ... ok
test config::tests::test_srs_config_default_base_interval ... ok
test config::tests::test_srs_config_default_max_interval ... ok
test config::tests::test_set_value_updates_existing_key_succeeds ... ok
test config::tests::test_srs_config_default_multiplier ... ok
test config::tests::test_sync_config_default_branch ... ok
test config::tests::test_sync_config_default_disabled ... ok
test config::tests::test_sync_config_default_empty_hostname ... ok
test config::tests::test_sync_config_default_empty_remote ... ok
test config::tests::test_set_value_url_as_string ... ok
test config::tests::test_tmux_config_default_enabled ... ok
test config::tests::test_set_value_wrong_section_right_key ... ok
test config::tests::test_toml_deserialize_srs_section ... ok
test config::tests::test_toml_deserialize_partial_config ... ok
test config::tests::test_toml_deserialize_tmux_section ... ok
test config::tests::test_toml_deserialize_mixed_sections ... ok
test config::tests::test_toml_deserialize_ui_section ... ok
test config::tests::test_toml_deserialize_sync_section ... ok
test config::tests::test_ui_config_default_editor ... ok
test config::tests::test_ui_config_default_pane_width ... ok
test error::tests::test_config_error_display ... ok
test error::tests::test_config_error_is_not_io ... ok
test error::tests::test_exercise_not_found_display ... ok
test error::tests::test_io_error_from_conversion ... ok
test error::tests::test_io_error_into_kferror ... ok
test exam::tests::test_collect_unique_ids_deduplicates ... ok
test exam::tests::test_collect_unique_ids_empty ... ok
test exam::tests::test_collect_unique_ids_preserves_order ... ok
test exam::tests::test_default_duration_nsy103 ... ok
test exam::tests::test_default_duration_utc502 ... ok
test commands::info::tests::test_cmd_solution_with_empty_id ... ok
test commands::info::tests::test_cmd_hint_exercise_not_found ... ok
test mastery::tests::test_apply_decay_after_14_days ... ok
test mastery::tests::test_apply_decay_floor_at_zero ... ok
test mastery::tests::test_apply_decay_idempotent ... ok
test mastery::tests::test_apply_decay_multiple_intervals ... ok
test mastery::tests::test_apply_decay_never_practiced ... ok
test mastery::tests::test_apply_decay_under_14_days ... ok
test mastery::tests::test_d4_unlock ... ok
test mastery::tests::test_d5_threshold ... ok
test mastery::tests::test_difficulty_unlock ... ok
test mastery::tests::test_mastery_delta_failure ... ok
test mastery::tests::test_mastery_delta_success ... ok
test mastery::tests::test_score_cap_at_5 ... ok
test mastery::tests::test_score_decrement ... ok
test exercises::tests::test_by_subject_consistency ... ok
test mastery::tests::test_score_increment ... ok
test mastery::tests::test_srs_failure_resets ... ok
test mastery::tests::test_srs_interval_capped_at_max ... ok
test mastery::tests::test_srs_success ... ok
test models::tests::test_difficulty_display ... ok
test models::tests::test_difficulty_ordering ... ok
test models::tests::test_difficulty_roundtrip ... ok
test models::tests::test_difficulty_try_from_invalid ... ok
test mastery::tests::test_score_floor ... ok
test models::tests::test_exercise_deserialize ... ok
test models::tests::test_difficulty_try_from_valid ... ok
test models::tests::test_mastery_score_clamped_above_cap ... ok
test models::tests::test_mastery_score_clamped_at_bounds ... ok
test models::tests::test_mastery_score_clamped_below_floor ... ok
test models::tests::test_mastery_score_clamped_nominal ... ok
test models::tests::test_srs_interval_days_clamped_at_min ... ok
test models::tests::test_srs_interval_days_clamped_below_min ... ok
test models::tests::test_srs_interval_days_clamped_nominal ... ok
test models::tests::test_subject_new_defaults ... ok
test piscine::tests::test_checkpoint_overwrite ... ok
test piscine::tests::test_checkpoint_roundtrip ... ok
test piscine::tests::test_checkpoint_advances_with_index ... ok
test piscine::tests::test_clear_checkpoint ... ok
test piscine::tests::test_piscine_order ... ok
test piscine::tests::test_piscine_order_multi_chapter ... ok
test piscine::tests::test_skip_increments_index ... ok
test piscine::tests::test_load_checkpoint_missing_returns_none ... ok
test progress::tests::test_apply_all_decay_no_change_when_recent ... ok
test progress::tests::test_apply_all_decay_idempotent_in_db ... ok
test progress::tests::test_apply_all_decay_updates_db ... ok
test progress::tests::test_due_subjects_future_review ... ok
test progress::tests::test_due_subjects_null_review ... ok
test exercises::tests::test_exercises_have_required_fields ... ok
test progress::tests::test_apply_all_decay_updates_last_practiced_at ... ok
test progress::tests::test_ensure_subject_creates_row ... ok
test progress::tests::test_ensure_subject_idempotent ... ok
test progress::tests::test_due_subjects_past_review ... ok
test progress::tests::test_exam_checkpoint_roundtrip ... ok
test progress::tests::test_exam_checkpoint_session_isolation ... ok
test progress::tests::test_exam_checkpoint_clear ... ok
test progress::tests::test_exam_checkpoint_session_id_with_colon ... ok
test progress::tests::test_exercise_scores_empty_for_unknown_subject ... ok
test progress::tests::test_get_streak_broken ... ok
test progress::tests::test_exercise_scores_upsert ... ok
test progress::tests::test_get_streak_empty ... ok
test progress::tests::test_get_streak_today ... ok
test progress::tests::test_get_streak_consecutive_days ... ok
test progress::tests::test_get_all_weakest_exercises ... ok
test progress::tests::test_import_progress_clamps_all_fields ... ok
test progress::tests::test_get_subject_missing ... ok
test progress::tests::test_import_progress_clamps_negative_score ... ok
test progress::tests::test_import_progress_clamps_difficulty_out_of_bounds ... ok
test progress::tests::test_import_progress_empty_subjects ... ok
test progress::tests::test_import_progress_clamps_mastery_score ... ok
test progress::tests::test_import_progress_future_timestamp_accepted ... ok
test progress::tests::test_import_progress_inserts_subject ... ok
test progress::tests::test_import_progress_invalid_json ... ok
test progress::tests::test_import_progress_overwrite_replaces_existing ... ok
test progress::tests::test_import_progress_preserves_valid_scores ... ok
test progress::tests::test_kv_checkpoint_missing_returns_none ... ok
test progress::tests::test_kv_checkpoint_clear ... ok
test progress::tests::test_kv_checkpoint_overwrite ... ok
test progress::tests::test_last_session_missing_returns_none ... ok
test progress::tests::test_last_session_all_chapters ... ok
test progress::tests::test_kv_checkpoint_roundtrip ... ok
test progress::tests::test_load_last_exam_session_missing_returns_none ... ok
test progress::tests::test_last_session_roundtrip ... ok
test progress::tests::test_record_attempt_persists_srs_fields ... ok
test commands::info::tests::test_cmd_search_special_chars_in_query ... ok
test progress::tests::test_record_attempt_failure ... ok
test progress::tests::test_migrate_v1_idempotent ... ok
test progress::tests::test_reset_subject_isolated ... ok
test progress::tests::test_record_attempt_success ... ok
test progress::tests::test_reset_progress ... ok
test runner::tests::test_mastery_to_stage_boundary_exactly_four ... ok
test runner::tests::test_linker_flags ... ok
test runner::tests::test_mastery_to_stage_boundary_exactly_one ... ok
test runner::tests::test_mastery_to_stage_boundary_exactly_three ... ok
test runner::tests::test_mastery_to_stage_half ... ok
test runner::tests::test_mastery_to_stage_max ... ok
test runner::tests::test_mastery_to_stage_one ... ok
test progress::tests::test_save_load_last_exam_session_roundtrip ... ok
test runner::tests::test_mastery_to_stage_three ... ok
test runner::tests::test_mastery_to_stage_zero ... ok
test runner::tests::test_mastery_to_stage_two ... ok
test runner::tests::test_normalize_crlf ... ok
test runner::tests::test_normalize_empty ... ok
test runner::tests::test_normalize_trailing_whitespace_per_line ... ok
test runner::tests::test_normalize_trims_whitespace ... ok
test runner::tests::test_parse_test_summary_all_pass ... ok
test runner::tests::test_parse_test_summary_empty ... ok
test runner::tests::test_parse_test_summary_no_summary_line ... ok
test runner::tests::test_parse_test_summary_with_failures ... ok
test runner::tests::test_mastery_to_stage_four ... ok
test runner::tests::test_select_starter_code_fallback_insufficient_stages ... ok
test runner::tests::test_select_starter_code_fallback_empty_stages ... ok
test runner::tests::test_select_starter_code_partial_stages ... ok
test runner::tests::test_select_starter_code_stage_four ... ok
test runner::tests::test_select_starter_code_stage_one ... ok
test runner::tests::test_select_starter_code_stage_three ... ok
test runner::tests::test_select_starter_code_stage_two ... ok
test runner::tests::test_strip_main_function_nested_braces ... ok
test runner::tests::test_select_starter_code_stage_zero ... ok
test runner::tests::test_strip_main_function_basic ... ok
test runner::tests::test_mastery_to_stage_boundary_exactly_two ... ok
test runner::tests::test_strip_main_function_no_main ... ok
test runner::tests::test_validate_output_exact_match ... ok
test runner::tests::test_validate_output_mismatch ... ok
test runner::tests::test_validate_output_no_expected ... ok
test runner::tests::test_validate_output_regex_invalid ... ok
test runner::tests::test_validate_output_regex ... ok
test runner::tests::test_validate_output_whitespace_normalization ... ok
test runner::tests::test_validate_test_code_detects_forbidden_patterns ... ok
test runner::tests::test_validate_test_code_allows_safe_code ... ok
test runner::tests::test_validate_output_regex_with_whitespace ... ok
test runner::tests::test_write_exercise_files_rejects_path_traversal ... ok
test exercises::tests::test_exercise_ids_unique ... ok
test exercises::tests::test_output_validation_has_expected ... ok
test sync::tests::test_file_hash_differs_on_change ... ok
test sync::tests::test_file_hash_none_on_missing ... ok
test sync::tests::test_gitignore_excludes_db ... ok
test sync::tests::test_pull_and_merge_no_repo ... ok
test sync::tests::test_resolve_hostname_uses_config ... ok
test sync::tests::test_status_no_git_repo ... ok
test tmux::tests::test_is_gui_editor ... ok
test tmux::tests::test_is_gui_editor_flatpak ... ok
test tmux::tests::test_is_tmux_matches_env_contract ... ok
test tmux::tests::test_is_valid_executable_absolute_nonexistent ... ok
test exercises::tests::test_exercises_fields_complete ... ok
test tmux::tests::test_is_valid_executable_rejects_shell_chars ... ok
test commands::info::tests::test_cmd_solution_exercise_not_found ... ok
test tmux::tests::test_open_editor_pane_none_without_tmux ... ok
test tmux::tests::test_is_valid_executable_accepts_valid_names ... ok
test tmux::tests::test_update_editor_pane_none_without_tmux ... ok
test tui::app::tests::can_reveal_solution_all_hints_shown ... ok
test tui::app::tests::can_reveal_solution_enough_failures ... ok
test tui::app::tests::can_reveal_solution_no_hints ... ok
test tui::app::tests::can_reveal_solution_not_enough ... ok
test tui::app::tests::format_remaining_secs_over_minute ... ok
test tui::app::tests::format_remaining_secs_under_minute ... ok
test tui::app::tests::format_remaining_secs_zero ... ok
test tui::app::tests::overlay_state_defaults_inactive ... ok
test tui::app::tests::header_cache_defaults_empty ... ok
test tui::app::tests::piscine_timer_cache_defaults_max ... ok
test tui::app::tests::reveal_next_hint_increments ... ok
test tui::app::tests::toggle_visualizer_overlay_activates ... ok
test tui::app::tests::toggle_visualizer_overlay_noop_without_steps ... ok
test tui::common::tests::mastery_bar_string_width ... ok
test tui::ui_exam_selector::tests::select_exam_session_returns_none_on_empty_list ... ok
test tui::ui_launcher::tests::launch_choice_variants_exist ... ok
test commands::info::tests::test_cmd_hint_with_special_characters ... ok
test exercises::tests::test_difficulty_range ... ok
test exercises::tests::test_find_exercise_exists ... ok
test commands::info::tests::test_cmd_hint_exercise_exists ... ok
test commands::info::tests::test_cmd_search_nonexistent_subject_filter ... ok
test exercises::tests::test_find_exercise_missing ... ok
test commands::info::tests::test_cmd_solution_without_attempts ... ok
test commands::info::tests::test_cmd_search_with_numbers ... ok
test commands::info::tests::test_cmd_search_with_subject_filter ... ok
test exercises::tests::test_load_all_exercises_finds_files ... ok
test exercises::tests::test_resolve_exercises_dir_env_invalid_path ... ok
test exercises::tests::test_resolve_exercises_dir_env_valid_path ... ok
test commands::info::tests::test_cmd_search_empty_query ... ok
test commands::info::tests::test_cmd_search_single_char ... ok
test commands::info::tests::test_cmd_search_uppercase_query ... ok
test runner::tests::test_timeout_kills_process ... ok
test search::tests::test_search_empty_query_matches_all ... ok
test search::tests::test_search_filter_subject_limits_results ... ok
test exercises::tests::test_starter_code_stages_count ... ok
test search::tests::test_search_results_sorted_by_score_descending ... ok
test search::tests::test_search_known_subject_returns_results ... ok

test result: ok. 273 passed; 0 failed; 0 ignored; 0 measured; 0 filtered out; finished in 0.33s

     Running unittests src/main.rs (target/debug/deps/clings-616fe387f706d098)

running 273 tests
test authoring::tests::test_generate_skeleton_invalid_difficulty ... ok
test authoring::tests::test_generate_skeleton_output_mode ... ok
test chapters::tests::test_flatten_chapters_preserves_order ... ok
test commands::data::tests::test_cmd_config_invalid_key_format ... ok
test chapters::tests::test_all_chapters_have_subjects ... ok
test authoring::tests::test_generate_skeleton_test_mode ... ok
test chapters::tests::test_order_by_chapters_difficulty_ascending_within_chapter ... ok
test authoring::tests::test_validate_exercise_valid_json ... ok
test chapters::tests::test_order_by_chapters_unknown_subject_goes_last ... ok
test authoring::tests::test_validate_exercise_missing_fields ... ok
test chapters::tests::test_chapters_not_empty ... ok
test chapters::tests::test_order_by_chapters_empty_input ... ok
test commands::data::tests::test_cmd_config_unknown_key ... ok
test chapters::tests::test_order_by_chapters_respects_chapter_order ... ok
test commands::data::tests::test_cmd_reset_cancellation ... ok
test commands::data::tests::test_cmd_config_valid_ui_editor ... ok
test commands::data::tests::test_cmd_config_valid_key ... ok
test commands::data::tests::test_cmd_config_valid_tmux_enabled ... ok
test commands::data::tests::test_cmd_config_multiple_dots_in_value ... ok
test commands::progress_cmds::tests::test_cmd_progress_signature ... ok
test commands::data::tests::test_cmd_config_valid_srs_interval ... ok
test commands::progress_cmds::tests::test_cmd_stats_function_exists ... ok
test commands::progress_cmds::tests::test_progress_cmds_signatures_valid ... ok
test commands::progress_cmds::tests::test_cmd_stats_signature ... ok
test config::tests::test_cling_config_default_all_sections ... ok
test commands::progress_cmds::tests::test_cmd_progress_function_exists ... ok
test config::tests::test_set_value_boolean_false ... ok
test config::tests::test_set_value_boolean_true ... ok
test config::tests::test_set_value_creates_file ... ok
test config::tests::test_set_value_creates_parent_dir ... ok
test config::tests::test_set_value_empty_string_key ... ok
test commands::data::tests::test_cmd_import_overwrite_mode ... ok
test commands::data::tests::test_cmd_import_empty_file ... ok
test commands::data::tests::test_cmd_export_nonexistent_db ... ok
test commands::data::tests::test_cmd_import_malformed_json ... ok
test commands::data::tests::test_cmd_import_valid_json_no_subjects ... ok
test commands::data::tests::test_cmd_export_stdout ... ok
test config::tests::test_set_value_empty_string_section ... ok
test config::tests::test_set_value_float_parsing ... ok
test config::tests::test_set_value_srs_base_interval ... ok
test config::tests::test_set_value_srs_decay_days ... ok
test config::tests::test_set_value_multiple_sections_succeeds ... ok
test config::tests::test_set_value_integer_parsing ... ok
test config::tests::test_set_value_string_with_spaces ... ok
test config::tests::test_set_value_sync_branch ... ok
test config::tests::test_set_value_negative_integer_succeeds ... ok
test config::tests::test_set_value_numeric_out_of_u8_range_for_pane_width ... ok
test config::tests::test_set_value_preserves_existing_keys ... ok
test config::tests::test_set_value_sync_enabled ... ok
test config::tests::test_srs_config_default_base_interval ... ok
test config::tests::test_srs_config_default_decay_days ... ok
test config::tests::test_set_value_sync_hostname ... ok
test config::tests::test_srs_config_default_max_interval ... ok
test config::tests::test_set_value_sync_remote ... ok
test config::tests::test_srs_config_default_multiplier ... ok
test config::tests::test_sync_config_default_branch ... ok
test config::tests::test_sync_config_default_disabled ... ok
test config::tests::test_sync_config_default_empty_hostname ... ok
test config::tests::test_set_value_tmux_enabled ... ok
test config::tests::test_tmux_config_default_enabled ... ok
test config::tests::test_set_value_ui_editor ... ok
test config::tests::test_set_value_ui_pane_width ... ok
test config::tests::test_toml_deserialize_partial_config ... ok
test config::tests::test_sync_config_default_empty_remote ... ok
test config::tests::test_toml_deserialize_mixed_sections ... ok
test config::tests::test_toml_deserialize_srs_section ... ok
test config::tests::test_set_value_unknown_key_in_known_section ... ok
test config::tests::test_toml_deserialize_sync_section ... ok
test config::tests::test_set_value_unknown_section ... ok
test config::tests::test_set_value_updates_existing_key_succeeds ... ok
test config::tests::test_set_value_url_as_string ... ok
test config::tests::test_set_value_wrong_section_right_key ... ok
test config::tests::test_toml_deserialize_tmux_section ... ok
test error::tests::test_config_error_is_not_io ... ok
test config::tests::test_ui_config_default_editor ... ok
test error::tests::test_exercise_not_found_display ... ok
test config::tests::test_toml_deserialize_ui_section ... ok
test config::tests::test_ui_config_default_pane_width ... ok
test error::tests::test_config_error_display ... ok
test error::tests::test_io_error_from_conversion ... ok
test error::tests::test_io_error_into_kferror ... ok
test exam::tests::test_collect_unique_ids_empty ... ok
test exam::tests::test_collect_unique_ids_deduplicates ... ok
test exam::tests::test_collect_unique_ids_preserves_order ... ok
test exam::tests::test_default_duration_nsy103 ... ok
test exam::tests::test_default_duration_utc502 ... ok
test commands::info::tests::test_cmd_search_uppercase_query ... ok
test exercises::tests::test_find_exercise_missing ... ok
test mastery::tests::test_apply_decay_after_14_days ... ok
test mastery::tests::test_apply_decay_floor_at_zero ... ok
test mastery::tests::test_apply_decay_idempotent ... ok
test mastery::tests::test_apply_decay_multiple_intervals ... ok
test mastery::tests::test_apply_decay_never_practiced ... ok
test mastery::tests::test_apply_decay_under_14_days ... ok
test mastery::tests::test_d4_unlock ... ok
test mastery::tests::test_d5_threshold ... ok
test mastery::tests::test_difficulty_unlock ... ok
test mastery::tests::test_mastery_delta_failure ... ok
test mastery::tests::test_mastery_delta_success ... ok
test mastery::tests::test_score_cap_at_5 ... ok
test mastery::tests::test_score_decrement ... ok
test mastery::tests::test_score_floor ... ok
test mastery::tests::test_score_increment ... ok
test exercises::tests::test_exercises_fields_complete ... ok
test mastery::tests::test_srs_failure_resets ... ok
test mastery::tests::test_srs_interval_capped_at_max ... ok
test mastery::tests::test_srs_success ... ok
test models::tests::test_difficulty_display ... ok
test models::tests::test_difficulty_ordering ... ok
test models::tests::test_difficulty_roundtrip ... ok
test models::tests::test_difficulty_try_from_invalid ... ok
test models::tests::test_difficulty_try_from_valid ... ok
test models::tests::test_exercise_deserialize ... ok
test models::tests::test_mastery_score_clamped_above_cap ... ok
test models::tests::test_mastery_score_clamped_at_bounds ... ok
test models::tests::test_mastery_score_clamped_below_floor ... ok
test models::tests::test_mastery_score_clamped_nominal ... ok
test models::tests::test_srs_interval_days_clamped_at_min ... ok
test models::tests::test_srs_interval_days_clamped_below_min ... ok
test models::tests::test_srs_interval_days_clamped_nominal ... ok
test models::tests::test_subject_new_defaults ... ok
test commands::info::tests::test_cmd_search_empty_query ... ok
test exercises::tests::test_exercises_have_required_fields ... ok
test piscine::tests::test_checkpoint_advances_with_index ... ok
test piscine::tests::test_checkpoint_overwrite ... ok
test piscine::tests::test_clear_checkpoint ... ok
test piscine::tests::test_piscine_order ... ok
test piscine::tests::test_skip_increments_index ... ok
test piscine::tests::test_piscine_order_multi_chapter ... ok
test piscine::tests::test_load_checkpoint_missing_returns_none ... ok
test progress::tests::test_apply_all_decay_idempotent_in_db ... ok
test piscine::tests::test_checkpoint_roundtrip ... ok
test progress::tests::test_apply_all_decay_no_change_when_recent ... ok
test progress::tests::test_apply_all_decay_updates_db ... ok
test progress::tests::test_due_subjects_future_review ... ok
test progress::tests::test_due_subjects_past_review ... ok
test progress::tests::test_apply_all_decay_updates_last_practiced_at ... ok
test progress::tests::test_due_subjects_null_review ... ok
test progress::tests::test_ensure_subject_creates_row ... ok
test progress::tests::test_ensure_subject_idempotent ... ok
test progress::tests::test_exam_checkpoint_clear ... ok
test progress::tests::test_exam_checkpoint_roundtrip ... ok
test progress::tests::test_exam_checkpoint_session_id_with_colon ... ok
test progress::tests::test_exercise_scores_empty_for_unknown_subject ... ok
test progress::tests::test_exam_checkpoint_session_isolation ... ok
test progress::tests::test_exercise_scores_upsert ... ok
test progress::tests::test_get_streak_broken ... ok
test progress::tests::test_get_streak_consecutive_days ... ok
test commands::info::tests::test_cmd_hint_exercise_not_found ... ok
test progress::tests::test_get_all_weakest_exercises ... ok
test commands::info::tests::test_cmd_search_with_numbers ... ok
test progress::tests::test_get_streak_empty ... ok
test commands::info::tests::test_cmd_solution_without_attempts ... ok
test progress::tests::test_get_subject_missing ... ok
test progress::tests::test_get_streak_today ... ok
test progress::tests::test_import_progress_clamps_difficulty_out_of_bounds ... ok
test progress::tests::test_import_progress_clamps_all_fields ... ok
test progress::tests::test_import_progress_clamps_mastery_score ... ok
test progress::tests::test_import_progress_clamps_negative_score ... ok
test progress::tests::test_import_progress_future_timestamp_accepted ... ok
test progress::tests::test_import_progress_empty_subjects ... ok
test progress::tests::test_import_progress_invalid_json ... ok
test progress::tests::test_import_progress_overwrite_replaces_existing ... ok
test progress::tests::test_import_progress_inserts_subject ... ok
test progress::tests::test_import_progress_preserves_valid_scores ... ok
test progress::tests::test_kv_checkpoint_clear ... ok
test progress::tests::test_kv_checkpoint_missing_returns_none ... ok
test progress::tests::test_kv_checkpoint_roundtrip ... ok
test progress::tests::test_last_session_all_chapters ... ok
test progress::tests::test_kv_checkpoint_overwrite ... ok
test progress::tests::test_last_session_missing_returns_none ... ok
test progress::tests::test_last_session_roundtrip ... ok
test progress::tests::test_migrate_v1_idempotent ... ok
test progress::tests::test_load_last_exam_session_missing_returns_none ... ok
test runner::tests::test_linker_flags ... ok
test runner::tests::test_mastery_to_stage_boundary_exactly_four ... ok
test runner::tests::test_mastery_to_stage_boundary_exactly_one ... ok
test runner::tests::test_mastery_to_stage_boundary_exactly_three ... ok
test runner::tests::test_mastery_to_stage_boundary_exactly_two ... ok
test runner::tests::test_mastery_to_stage_four ... ok
test progress::tests::test_record_attempt_failure ... ok
test runner::tests::test_mastery_to_stage_half ... ok
test runner::tests::test_mastery_to_stage_max ... ok
test runner::tests::test_mastery_to_stage_one ... ok
test runner::tests::test_mastery_to_stage_three ... ok
test runner::tests::test_mastery_to_stage_two ... ok
test runner::tests::test_mastery_to_stage_zero ... ok
test runner::tests::test_normalize_crlf ... ok
test runner::tests::test_normalize_empty ... ok
test runner::tests::test_normalize_trailing_whitespace_per_line ... ok
test runner::tests::test_normalize_trims_whitespace ... ok
test runner::tests::test_parse_test_summary_all_pass ... ok
test runner::tests::test_parse_test_summary_empty ... ok
test runner::tests::test_parse_test_summary_no_summary_line ... ok
test runner::tests::test_parse_test_summary_with_failures ... ok
test runner::tests::test_select_starter_code_fallback_empty_stages ... ok
test runner::tests::test_select_starter_code_fallback_insufficient_stages ... ok
test runner::tests::test_select_starter_code_partial_stages ... ok
test runner::tests::test_select_starter_code_stage_four ... ok
test progress::tests::test_record_attempt_persists_srs_fields ... ok
test runner::tests::test_select_starter_code_stage_one ... ok
test runner::tests::test_select_starter_code_stage_three ... ok
test runner::tests::test_select_starter_code_stage_two ... ok
test runner::tests::test_select_starter_code_stage_zero ... ok
test runner::tests::test_strip_main_function_basic ... ok
test runner::tests::test_strip_main_function_nested_braces ... ok
test runner::tests::test_strip_main_function_no_main ... ok
test runner::tests::test_validate_output_exact_match ... ok
test runner::tests::test_validate_output_no_expected ... ok
test runner::tests::test_validate_output_mismatch ... ok
test runner::tests::test_validate_output_regex_invalid ... ok
test progress::tests::test_save_load_last_exam_session_roundtrip ... ok
test runner::tests::test_validate_output_whitespace_normalization ... ok
test progress::tests::test_reset_progress ... ok
test runner::tests::test_validate_test_code_detects_forbidden_patterns ... ok
test runner::tests::test_validate_test_code_allows_safe_code ... ok
test progress::tests::test_reset_subject_isolated ... ok
test runner::tests::test_validate_output_regex ... ok
test runner::tests::test_write_exercise_files_rejects_path_traversal ... ok
test progress::tests::test_record_attempt_success ... ok
test sync::tests::test_file_hash_differs_on_change ... ok
test sync::tests::test_file_hash_none_on_missing ... ok
test sync::tests::test_gitignore_excludes_db ... ok
test sync::tests::test_pull_and_merge_no_repo ... ok
test sync::tests::test_resolve_hostname_uses_config ... ok
test sync::tests::test_status_no_git_repo ... ok
test tmux::tests::test_is_gui_editor ... ok
test tmux::tests::test_is_gui_editor_flatpak ... ok
test tmux::tests::test_is_tmux_matches_env_contract ... ok
test tmux::tests::test_is_valid_executable_absolute_nonexistent ... ok
test runner::tests::test_validate_output_regex_with_whitespace ... ok
test tmux::tests::test_is_valid_executable_rejects_shell_chars ... ok
test tmux::tests::test_is_valid_executable_accepts_valid_names ... ok
test tmux::tests::test_open_editor_pane_none_without_tmux ... ok
test tmux::tests::test_update_editor_pane_none_without_tmux ... ok
test tui::app::tests::can_reveal_solution_all_hints_shown ... ok
test tui::app::tests::can_reveal_solution_enough_failures ... ok
test tui::app::tests::can_reveal_solution_no_hints ... ok
test tui::app::tests::can_reveal_solution_not_enough ... ok
test tui::app::tests::format_remaining_secs_over_minute ... ok
test tui::app::tests::format_remaining_secs_under_minute ... ok
test tui::app::tests::format_remaining_secs_zero ... ok
test tui::app::tests::header_cache_defaults_empty ... ok
test tui::app::tests::overlay_state_defaults_inactive ... ok
test tui::app::tests::piscine_timer_cache_defaults_max ... ok
test tui::app::tests::reveal_next_hint_increments ... ok
test tui::app::tests::toggle_visualizer_overlay_activates ... ok
test tui::app::tests::toggle_visualizer_overlay_noop_without_steps ... ok
test tui::common::tests::mastery_bar_string_width ... ok
test tui::ui_exam_selector::tests::select_exam_session_returns_none_on_empty_list ... ok
test tui::ui_launcher::tests::launch_choice_variants_exist ... ok
test commands::info::tests::test_cmd_hint_with_special_characters ... ok
test commands::info::tests::test_cmd_solution_exercise_not_found ... ok
test commands::info::tests::test_cmd_solution_with_empty_id ... ok
test commands::info::tests::test_cmd_search_nonexistent_subject_filter ... ok
test exercises::tests::test_by_subject_consistency ... ok
test commands::info::tests::test_cmd_hint_exercise_exists ... ok
test exercises::tests::test_find_exercise_exists ... ok
test exercises::tests::test_load_all_exercises_finds_files ... ok
test exercises::tests::test_exercise_ids_unique ... ok
test exercises::tests::test_difficulty_range ... ok
test commands::info::tests::test_cmd_search_with_subject_filter ... ok
test exercises::tests::test_output_validation_has_expected ... ok
test exercises::tests::test_resolve_exercises_dir_env_invalid_path ... ok
test exercises::tests::test_resolve_exercises_dir_env_valid_path ... ok
test commands::info::tests::test_cmd_search_single_char ... ok
test commands::info::tests::test_cmd_search_special_chars_in_query ... ok
test search::tests::test_search_empty_query_matches_all ... ok
test runner::tests::test_timeout_kills_process ... ok
test search::tests::test_search_known_subject_returns_results ... ok
test search::tests::test_search_filter_subject_limits_results ... ok
test exercises::tests::test_starter_code_stages_count ... ok
test search::tests::test_search_results_sorted_by_score_descending ... ok

test result: ok. 273 passed; 0 failed; 0 ignored; 0 measured; 0 filtered out; finished in 0.29s

     Running tests/integration_exercises.rs (target/debug/deps/integration_exercises-aebc39faf9774fe2)

running 1 test
test solution_code_matches_expected_output ... ok

test result: ok. 1 passed; 0 failed; 0 ignored; 0 measured; 0 filtered out; finished in 7.77s

     Running tests/proptest_mastery.rs (target/debug/deps/proptest_mastery-97110e262d033767)

running 8 tests
test srs_interval_bounded ... ok
test srs_interval_direction ... ok
test mastery_score_clamped ... ok
test decay_idempotent ... ok
test difficulty_unlocked_monotonic_on_success ... ok
test delta_values ... ok
test decay_never_negative ... ok
test score_always_bounded ... ok

test result: ok. 8 passed; 0 failed; 0 ignored; 0 measured; 0 filtered out; finished in 0.01s

     Running tests/snapshot_tui.rs (target/debug/deps/snapshot_tui-073d35e37b9c356b)

running 5 tests
test snapshot_watch_view_initial ... ok
test snapshot_watch_view_with_compile_error ... ok
test snapshot_watch_view_solution_overlay ... ok
test snapshot_watch_view_help_overlay ... ok
test snapshot_watch_view_success ... ok

test result: ok. 5 passed; 0 failed; 0 ignored; 0 measured; 0 filtered out; finished in 0.02s

   Doc-tests clings

running 0 tests

test result: ok. 0 passed; 0 failed; 0 ignored; 0 measured; 0 filtered out; finished in 0.00s

